
> @rk/backend@1.0.0 test
> vitest run


[1m[46m RUN [49m[22m [36mv4.1.0 [39m[90mC:/Users/soumi/Desktop/Raj-kamal-mono-repo/backend[39m

 [32mΓ£ô[39m src/tests/infra/connection-pool.test.ts [2m([22m[2m1 test[22m[2m)[22m[32m 4[2mms[22m[39m
 [32mΓ£ô[39m src/tests/infra/slow-query-logging.test.ts [2m([22m[2m1 test[22m[2m)[22m[32m 5[2mms[22m[39m
::ffff:127.0.0.1 - - [23/Mar/2026:09:54:57 +0000] "GET /health HTTP/1.1" 200 94 "-" "-"
 [32mΓ£ô[39m src/tests/infra/timeout.test.ts [2m([22m[2m2 tests[22m[2m)[22m[33m 693[2mms[22m[39m
     [33m[2mΓ£ô[22m[39m endpoint with REQUEST_TIMEOUT_MS configured returns 503 when response hangs past threshold [33m 689[2mms[22m[39m
::ffff:127.0.0.1 - - [23/Mar/2026:09:54:57 +0000] "GET /health HTTP/1.1" 200 94 "-" "-"
 [31mΓ¥»[39m src/tests/infra/compression.test.ts [2m([22m[2m1 test[22m[2m | [22m[31m1 failed[39m[2m)[22m[32m 28[2mms[22m[39m
[31m     [31m├ù[31m GET /health returns Content-Encoding: gzip when client accepts gzip[39m[32m 26[2mms[22m[39m
node.exe : 
At C:\Program Files\nod
ejs\npm.ps1:29 char:3
+   & $NODE_EXE 
$NPM_CLI_JS $args
+   ~~~~~~~~~~~~~~~~~~~
~~~~~~~~~~
    + CategoryInfo     
         : NotSpecifi  
  ed: (:String) [],    
 RemoteException
    + FullyQualifiedEr 
   rorId : NativeComm  
  andError
 
[31mΓÄ»ΓÄ»ΓÄ»ΓÄ»ΓÄ»ΓÄ»
ΓÄ»[39m[1m[41m 
Failed Tests 1 [49m[2
2m[31mΓÄ»ΓÄ»ΓÄ»ΓÄ»ΓÄ»Γ
Ä»ΓÄ»[39m

[41m[1m FAIL 
[22m[49m src/tests/in
fra/compression.test.ts
[2m > [22mINFRA-02: 
gzip compression[2m > 
[22mGET /health 
returns 
Content-Encoding: gzip 
when client accepts 
gzip
[31m[1mAssertionError
[22m: expected 
undefined to be 'gzip' 
// Object.is 
equality[39m

[32m- Expected:[39m
"gzip"

[31m+ Received:[39m
undefined

[36m [2mΓ¥»[22m src/
tests/infra/compression
.test.ts:[2m10:45[22m
[39m
    [90m  8|[39m     
  [33m.[39m[35mget[
39m([32m'/health'[39m
)
    [90m  9|[39m     
  [33m.[39m[35mset[
39m([32m'Accept-Encodi
ng'[39m[33m,[39m [3
2m'gzip'[39m)[33m;[3
9m
    [90m 10|[39m     
[34mexpect[39m(res[3
3m.[39mheaders[[32m'c
ontent-encoding'[39m])
[33m.[39m[34mtoBe[3
9m([32m'gzip'[39m)[3
3m;[39m
    [90m   |[39m     
                       
                 
[31m^[39m
    [90m 11|[39m   
})[33m;[39m
    [90m 12|[39m 
})[33m;[39m

[31m[2mΓÄ»ΓÄ»ΓÄ»ΓÄ»ΓÄ
»ΓÄ»ΓÄ»ΓÄ»ΓÄ»ΓÄ»ΓÄ»ΓÄ»Γ
Ä»ΓÄ»ΓÄ»ΓÄ»ΓÄ»ΓÄ»ΓÄ»ΓÄ»
ΓÄ»ΓÄ»ΓÄ»ΓÄ»[1/1]ΓÄ»[2
2m[39m


[2m Test Files [22m [1m[31m1 failed[39m[22m[2m | [22m[1m[32m3 passed[39m[22m[90m (4)[39m
[2m      Tests [22m [1m[31m1 failed[39m[22m[2m | [22m[1m[32m4 passed[39m[22m[90m (5)[39m
[2m   Start at [22m 15:24:56
[2m   Duration [22m 1.15s[2m (transform 475ms, setup 0ms, import 1.35s, tests 730ms, environment 0ms)[22m

